// Jest Snapshot v1, https://goo.gl/fbAQLP

exports[`should output data to match snapshot 1`] = `
Object {
  "extensions": Array [
    "certbot",
    "thirdparty",
  ],
  "version": "0.4.0-beta.0",
}
`;
